Archive member included to satisfy reference by file (symbol)

c:/program files (x86)/atmel/studio/7.0/toolchain/avr8/avr8-gnu-toolchain/bin/../lib/gcc/avr/5.4.0/avr5\libgcc.a(_udivmodsi4.o)
                              I2C.o (__udivmodsi4)
c:/program files (x86)/atmel/studio/7.0/toolchain/avr8/avr8-gnu-toolchain/bin/../lib/gcc/avr/5.4.0/avr5\libgcc.a(_divmodsi4.o)
                              LCD_Nokia_5110.o (__divmodsi4)
c:/program files (x86)/atmel/studio/7.0/toolchain/avr8/avr8-gnu-toolchain/bin/../lib/gcc/avr/5.4.0/avr5\libgcc.a(_negsi2.o)
                              c:/program files (x86)/atmel/studio/7.0/toolchain/avr8/avr8-gnu-toolchain/bin/../lib/gcc/avr/5.4.0/avr5\libgcc.a(_divmodsi4.o) (__negsi2)
c:/program files (x86)/atmel/studio/7.0/toolchain/avr8/avr8-gnu-toolchain/bin/../lib/gcc/avr/5.4.0/avr5\libgcc.a(_exit.o)
                              C:/Program Files (x86)/Atmel/Studio/7.0/Packs/atmel/ATmega_DFP/1.2.150/gcc/dev/atmega328pb/avr5/crtatmega328pb.o (exit)
c:/program files (x86)/atmel/studio/7.0/toolchain/avr8/avr8-gnu-toolchain/bin/../lib/gcc/avr/5.4.0/avr5\libgcc.a(_copy_data.o)
                              DS1307.o (__do_copy_data)
c:/program files (x86)/atmel/studio/7.0/toolchain/avr8/avr8-gnu-toolchain/bin/../lib/gcc/avr/5.4.0/avr5\libgcc.a(_clear_bss.o)
                              DS1307.o (__do_clear_bss)

Allocating common symbols
Common symbol       size              file

SPI_ReceiveBuffer   0x40              SPI.o
SPI_TransmitBuffer  0x40              SPI.o

Discarded input sections

 .data          0x00000000        0x0 C:/Program Files (x86)/Atmel/Studio/7.0/Packs/atmel/ATmega_DFP/1.2.150/gcc/dev/atmega328pb/avr5/crtatmega328pb.o
 .bss           0x00000000        0x0 C:/Program Files (x86)/Atmel/Studio/7.0/Packs/atmel/ATmega_DFP/1.2.150/gcc/dev/atmega328pb/avr5/crtatmega328pb.o
 .text          0x00000000        0x0 DS1307.o
 .data          0x00000000        0x0 DS1307.o
 .bss           0x00000000        0x0 DS1307.o
 .text.binToBCD
                0x00000000       0x24 DS1307.o
 .text.DS1307_PutByte
                0x00000000       0x1a DS1307.o
 .text.DS1307_PutTimeByte
                0x00000000       0x12 DS1307.o
 .text.DS1307_SetSeconds
                0x00000000        0x8 DS1307.o
 .text.DS1307_SetMinutes
                0x00000000        0x8 DS1307.o
 .text.DS1307_SetHours
                0x00000000        0x8 DS1307.o
 .text.DS1307_SetWeekday
                0x00000000        0x8 DS1307.o
 .text.DS1307_SetDate
                0x00000000        0x8 DS1307.o
 .text.DS1307_SetMonth
                0x00000000        0x8 DS1307.o
 .text.DS1307_SetYear
                0x00000000        0x8 DS1307.o
 .text.DS1307_UpdateTime
                0x00000000       0x38 DS1307.o
 .text.DS1307_SetTime
                0x00000000       0x4c DS1307.o
 .text.DS1307_SelectWeekday
                0x00000000        0x2 DS1307.o
 .text.DS1307_SetTwelveHourMode
                0x00000000        0x2 DS1307.o
 .bss.TimeRegistersTransmitBuffer
                0x00000000        0x7 DS1307.o
 COMMON         0x00000000        0x0 DS1307.o
 .text          0x00000000        0x0 I2C.o
 .data          0x00000000        0x0 I2C.o
 .bss           0x00000000        0x0 I2C.o
 .text.I2C_Start
                0x00000000        0x8 I2C.o
 .text.I2C_Stop
                0x00000000        0x8 I2C.o
 .text.I2C_Busy
                0x00000000        0x8 I2C.o
 .text.I2C_MR_ReceiveTimeStructData
                0x00000000       0x52 I2C.o
 .text          0x00000000        0x0 LCD_Nokia_5110.o
 .data          0x00000000        0x0 LCD_Nokia_5110.o
 .bss           0x00000000        0x0 LCD_Nokia_5110.o
 .text.LCD_Nokia_SendDataString
                0x00000000       0x1e LCD_Nokia_5110.o
 .text.LCD_Nokia_SendCommandString
                0x00000000       0x1e LCD_Nokia_5110.o
 .text.LCD_Nokia_ClearBuffer
                0x00000000       0x12 LCD_Nokia_5110.o
 .text.LCD_Nokia_ClearPixel
                0x00000000        0x8 LCD_Nokia_5110.o
 .text.LCD_Nokia_Put12Char
                0x00000000       0xd6 LCD_Nokia_5110.o
 .text.LCD_Nokia_Send12CharString
                0x00000000       0x1e LCD_Nokia_5110.o
 .text.LCD_Nokia_DrawLine
                0x00000000        0x2 LCD_Nokia_5110.o
 .text.LCD_Nokia_DrawFilledRectangle
                0x00000000        0xc LCD_Nokia_5110.o
 .text.LCD_Nokia_DrawUnfilledCircle
                0x00000000        0x2 LCD_Nokia_5110.o
 .text.LCD_Nokia_SendImage
                0x00000000       0xb8 LCD_Nokia_5110.o
 .text.LCD_Nokia_SetPower
                0x00000000       0x10 LCD_Nokia_5110.o
 .text.LCD_Nokia_SetEntryMode
                0x00000000       0x10 LCD_Nokia_5110.o
 .text.LCD_Nokia_SetDiplayMode
                0x00000000       0x16 LCD_Nokia_5110.o
 .text.LCD_Nokia_SetUpContrast
                0x00000000       0x16 LCD_Nokia_5110.o
 .text.LCD_Nokia_SetUpTemperature
                0x00000000       0x16 LCD_Nokia_5110.o
 .text.LCD_Nokia_TurnOnLED
                0x00000000        0x4 LCD_Nokia_5110.o
 .bss.byte.2687
                0x00000000        0x1 LCD_Nokia_5110.o
 .bss.byte.2592
                0x00000000        0x1 LCD_Nokia_5110.o
 .progmem.data.LCD_Nokia_MediumFont12x16
                0x00000000      0x138 LCD_Nokia_5110.o
 .text          0x00000000        0x0 main.o
 .data          0x00000000        0x0 main.o
 .bss           0x00000000        0x0 main.o
 .text.IO_Init  0x00000000        0x2 main.o
 .text          0x00000000        0x0 SPI.o
 .data          0x00000000        0x0 SPI.o
 .bss           0x00000000        0x0 SPI.o
 .text.SPI_GetByte
                0x00000000        0xe SPI.o
 .text.SPI_SendData
                0x00000000       0x50 SPI.o
 .text          0x00000000        0x0 c:/program files (x86)/atmel/studio/7.0/toolchain/avr8/avr8-gnu-toolchain/bin/../lib/gcc/avr/5.4.0/avr5\libgcc.a(_udivmodsi4.o)
 .data          0x00000000        0x0 c:/program files (x86)/atmel/studio/7.0/toolchain/avr8/avr8-gnu-toolchain/bin/../lib/gcc/avr/5.4.0/avr5\libgcc.a(_udivmodsi4.o)
 .bss           0x00000000        0x0 c:/program files (x86)/atmel/studio/7.0/toolchain/avr8/avr8-gnu-toolchain/bin/../lib/gcc/avr/5.4.0/avr5\libgcc.a(_udivmodsi4.o)
 .text.libgcc.mul
                0x00000000        0x0 c:/program files (x86)/atmel/studio/7.0/toolchain/avr8/avr8-gnu-toolchain/bin/../lib/gcc/avr/5.4.0/avr5\libgcc.a(_udivmodsi4.o)
 .text.libgcc   0x00000000        0x0 c:/program files (x86)/atmel/studio/7.0/toolchain/avr8/avr8-gnu-toolchain/bin/../lib/gcc/avr/5.4.0/avr5\libgcc.a(_udivmodsi4.o)
 .text.libgcc.prologue
                0x00000000        0x0 c:/program files (x86)/atmel/studio/7.0/toolchain/avr8/avr8-gnu-toolchain/bin/../lib/gcc/avr/5.4.0/avr5\libgcc.a(_udivmodsi4.o)
 .text.libgcc.builtins
                0x00000000        0x0 c:/program files (x86)/atmel/studio/7.0/toolchain/avr8/avr8-gnu-toolchain/bin/../lib/gcc/avr/5.4.0/avr5\libgcc.a(_udivmodsi4.o)
 .text.libgcc.fmul
                0x00000000        0x0 c:/program files (x86)/atmel/studio/7.0/toolchain/avr8/avr8-gnu-toolchain/bin/../lib/gcc/avr/5.4.0/avr5\libgcc.a(_udivmodsi4.o)
 .text.libgcc.fixed
                0x00000000        0x0 c:/program files (x86)/atmel/studio/7.0/toolchain/avr8/avr8-gnu-toolchain/bin/../lib/gcc/avr/5.4.0/avr5\libgcc.a(_udivmodsi4.o)
 .text          0x00000000        0x0 c:/program files (x86)/atmel/studio/7.0/toolchain/avr8/avr8-gnu-toolchain/bin/../lib/gcc/avr/5.4.0/avr5\libgcc.a(_divmodsi4.o)
 .data          0x00000000        0x0 c:/program files (x86)/atmel/studio/7.0/toolchain/avr8/avr8-gnu-toolchain/bin/../lib/gcc/avr/5.4.0/avr5\libgcc.a(_divmodsi4.o)
 .bss           0x00000000        0x0 c:/program files (x86)/atmel/studio/7.0/toolchain/avr8/avr8-gnu-toolchain/bin/../lib/gcc/avr/5.4.0/avr5\libgcc.a(_divmodsi4.o)
 .text.libgcc.mul
                0x00000000        0x0 c:/program files (x86)/atmel/studio/7.0/toolchain/avr8/avr8-gnu-toolchain/bin/../lib/gcc/avr/5.4.0/avr5\libgcc.a(_divmodsi4.o)
 .text.libgcc   0x00000000        0x0 c:/program files (x86)/atmel/studio/7.0/toolchain/avr8/avr8-gnu-toolchain/bin/../lib/gcc/avr/5.4.0/avr5\libgcc.a(_divmodsi4.o)
 .text.libgcc.prologue
                0x00000000        0x0 c:/program files (x86)/atmel/studio/7.0/toolchain/avr8/avr8-gnu-toolchain/bin/../lib/gcc/avr/5.4.0/avr5\libgcc.a(_divmodsi4.o)
 .text.libgcc.builtins
                0x00000000        0x0 c:/program files (x86)/atmel/studio/7.0/toolchain/avr8/avr8-gnu-toolchain/bin/../lib/gcc/avr/5.4.0/avr5\libgcc.a(_divmodsi4.o)
 .text.libgcc.fmul
                0x00000000        0x0 c:/program files (x86)/atmel/studio/7.0/toolchain/avr8/avr8-gnu-toolchain/bin/../lib/gcc/avr/5.4.0/avr5\libgcc.a(_divmodsi4.o)
 .text.libgcc.fixed
                0x00000000        0x0 c:/program files (x86)/atmel/studio/7.0/toolchain/avr8/avr8-gnu-toolchain/bin/../lib/gcc/avr/5.4.0/avr5\libgcc.a(_divmodsi4.o)
 .text          0x00000000        0x0 c:/program files (x86)/atmel/studio/7.0/toolchain/avr8/avr8-gnu-toolchain/bin/../lib/gcc/avr/5.4.0/avr5\libgcc.a(_negsi2.o)
 .data          0x00000000        0x0 c:/program files (x86)/atmel/studio/7.0/toolchain/avr8/avr8-gnu-toolchain/bin/../lib/gcc/avr/5.4.0/avr5\libgcc.a(_negsi2.o)
 .bss           0x00000000        0x0 c:/program files (x86)/atmel/studio/7.0/toolchain/avr8/avr8-gnu-toolchain/bin/../lib/gcc/avr/5.4.0/avr5\libgcc.a(_negsi2.o)
 .text.libgcc.mul
                0x00000000        0x0 c:/program files (x86)/atmel/studio/7.0/toolchain/avr8/avr8-gnu-toolchain/bin/../lib/gcc/avr/5.4.0/avr5\libgcc.a(_negsi2.o)
 .text.libgcc   0x00000000        0x0 c:/program files (x86)/atmel/studio/7.0/toolchain/avr8/avr8-gnu-toolchain/bin/../lib/gcc/avr/5.4.0/avr5\libgcc.a(_negsi2.o)
 .text.libgcc.prologue
                0x00000000        0x0 c:/program files (x86)/atmel/studio/7.0/toolchain/avr8/avr8-gnu-toolchain/bin/../lib/gcc/avr/5.4.0/avr5\libgcc.a(_negsi2.o)
 .text.libgcc.builtins
                0x00000000        0x0 c:/program files (x86)/atmel/studio/7.0/toolchain/avr8/avr8-gnu-toolchain/bin/../lib/gcc/avr/5.4.0/avr5\libgcc.a(_negsi2.o)
 .text.libgcc.fmul
                0x00000000        0x0 c:/program files (x86)/atmel/studio/7.0/toolchain/avr8/avr8-gnu-toolchain/bin/../lib/gcc/avr/5.4.0/avr5\libgcc.a(_negsi2.o)
 .text.libgcc.fixed
                0x00000000        0x0 c:/program files (x86)/atmel/studio/7.0/toolchain/avr8/avr8-gnu-toolchain/bin/../lib/gcc/avr/5.4.0/avr5\libgcc.a(_negsi2.o)
 .text          0x00000000        0x0 c:/program files (x86)/atmel/studio/7.0/toolchain/avr8/avr8-gnu-toolchain/bin/../lib/gcc/avr/5.4.0/avr5\libgcc.a(_exit.o)
 .data          0x00000000        0x0 c:/program files (x86)/atmel/studio/7.0/toolchain/avr8/avr8-gnu-toolchain/bin/../lib/gcc/avr/5.4.0/avr5\libgcc.a(_exit.o)
 .bss           0x00000000        0x0 c:/program files (x86)/atmel/studio/7.0/toolchain/avr8/avr8-gnu-toolchain/bin/../lib/gcc/avr/5.4.0/avr5\libgcc.a(_exit.o)
 .text.libgcc.mul
                0x00000000        0x0 c:/program files (x86)/atmel/studio/7.0/toolchain/avr8/avr8-gnu-toolchain/bin/../lib/gcc/avr/5.4.0/avr5\libgcc.a(_exit.o)
 .text.libgcc.div
                0x00000000        0x0 c:/program files (x86)/atmel/studio/7.0/toolchain/avr8/avr8-gnu-toolchain/bin/../lib/gcc/avr/5.4.0/avr5\libgcc.a(_exit.o)
 .text.libgcc   0x00000000        0x0 c:/program files (x86)/atmel/studio/7.0/toolchain/avr8/avr8-gnu-toolchain/bin/../lib/gcc/avr/5.4.0/avr5\libgcc.a(_exit.o)
 .text.libgcc.prologue
                0x00000000        0x0 c:/program files (x86)/atmel/studio/7.0/toolchain/avr8/avr8-gnu-toolchain/bin/../lib/gcc/avr/5.4.0/avr5\libgcc.a(_exit.o)
 .text.libgcc.builtins
                0x00000000        0x0 c:/program files (x86)/atmel/studio/7.0/toolchain/avr8/avr8-gnu-toolchain/bin/../lib/gcc/avr/5.4.0/avr5\libgcc.a(_exit.o)
 .text.libgcc.fmul
                0x00000000        0x0 c:/program files (x86)/atmel/studio/7.0/toolchain/avr8/avr8-gnu-toolchain/bin/../lib/gcc/avr/5.4.0/avr5\libgcc.a(_exit.o)
 .text.libgcc.fixed
                0x00000000        0x0 c:/program files (x86)/atmel/studio/7.0/toolchain/avr8/avr8-gnu-toolchain/bin/../lib/gcc/avr/5.4.0/avr5\libgcc.a(_exit.o)
 .text          0x00000000        0x0 c:/program files (x86)/atmel/studio/7.0/toolchain/avr8/avr8-gnu-toolchain/bin/../lib/gcc/avr/5.4.0/avr5\libgcc.a(_copy_data.o)
 .data          0x00000000        0x0 c:/program files (x86)/atmel/studio/7.0/toolchain/avr8/avr8-gnu-toolchain/bin/../lib/gcc/avr/5.4.0/avr5\libgcc.a(_copy_data.o)
 .bss           0x00000000        0x0 c:/program files (x86)/atmel/studio/7.0/toolchain/avr8/avr8-gnu-toolchain/bin/../lib/gcc/avr/5.4.0/avr5\libgcc.a(_copy_data.o)
 .text.libgcc.mul
                0x00000000        0x0 c:/program files (x86)/atmel/studio/7.0/toolchain/avr8/avr8-gnu-toolchain/bin/../lib/gcc/avr/5.4.0/avr5\libgcc.a(_copy_data.o)
 .text.libgcc.div
                0x00000000        0x0 c:/program files (x86)/atmel/studio/7.0/toolchain/avr8/avr8-gnu-toolchain/bin/../lib/gcc/avr/5.4.0/avr5\libgcc.a(_copy_data.o)
 .text.libgcc   0x00000000        0x0 c:/program files (x86)/atmel/studio/7.0/toolchain/avr8/avr8-gnu-toolchain/bin/../lib/gcc/avr/5.4.0/avr5\libgcc.a(_copy_data.o)
 .text.libgcc.prologue
                0x00000000        0x0 c:/program files (x86)/atmel/studio/7.0/toolchain/avr8/avr8-gnu-toolchain/bin/../lib/gcc/avr/5.4.0/avr5\libgcc.a(_copy_data.o)
 .text.libgcc.builtins
                0x00000000        0x0 c:/program files (x86)/atmel/studio/7.0/toolchain/avr8/avr8-gnu-toolchain/bin/../lib/gcc/avr/5.4.0/avr5\libgcc.a(_copy_data.o)
 .text.libgcc.fmul
                0x00000000        0x0 c:/program files (x86)/atmel/studio/7.0/toolchain/avr8/avr8-gnu-toolchain/bin/../lib/gcc/avr/5.4.0/avr5\libgcc.a(_copy_data.o)
 .text.libgcc.fixed
                0x00000000        0x0 c:/program files (x86)/atmel/studio/7.0/toolchain/avr8/avr8-gnu-toolchain/bin/../lib/gcc/avr/5.4.0/avr5\libgcc.a(_copy_data.o)
 .text          0x00000000        0x0 c:/program files (x86)/atmel/studio/7.0/toolchain/avr8/avr8-gnu-toolchain/bin/../lib/gcc/avr/5.4.0/avr5\libgcc.a(_clear_bss.o)
 .data          0x00000000        0x0 c:/program files (x86)/atmel/studio/7.0/toolchain/avr8/avr8-gnu-toolchain/bin/../lib/gcc/avr/5.4.0/avr5\libgcc.a(_clear_bss.o)
 .bss           0x00000000        0x0 c:/program files (x86)/atmel/studio/7.0/toolchain/avr8/avr8-gnu-toolchain/bin/../lib/gcc/avr/5.4.0/avr5\libgcc.a(_clear_bss.o)
 .text.libgcc.mul
                0x00000000        0x0 c:/program files (x86)/atmel/studio/7.0/toolchain/avr8/avr8-gnu-toolchain/bin/../lib/gcc/avr/5.4.0/avr5\libgcc.a(_clear_bss.o)
 .text.libgcc.div
                0x00000000        0x0 c:/program files (x86)/atmel/studio/7.0/toolchain/avr8/avr8-gnu-toolchain/bin/../lib/gcc/avr/5.4.0/avr5\libgcc.a(_clear_bss.o)
 .text.libgcc   0x00000000        0x0 c:/program files (x86)/atmel/studio/7.0/toolchain/avr8/avr8-gnu-toolchain/bin/../lib/gcc/avr/5.4.0/avr5\libgcc.a(_clear_bss.o)
 .text.libgcc.prologue
                0x00000000        0x0 c:/program files (x86)/atmel/studio/7.0/toolchain/avr8/avr8-gnu-toolchain/bin/../lib/gcc/avr/5.4.0/avr5\libgcc.a(_clear_bss.o)
 .text.libgcc.builtins
                0x00000000        0x0 c:/program files (x86)/atmel/studio/7.0/toolchain/avr8/avr8-gnu-toolchain/bin/../lib/gcc/avr/5.4.0/avr5\libgcc.a(_clear_bss.o)
 .text.libgcc.fmul
                0x00000000        0x0 c:/program files (x86)/atmel/studio/7.0/toolchain/avr8/avr8-gnu-toolchain/bin/../lib/gcc/avr/5.4.0/avr5\libgcc.a(_clear_bss.o)
 .text.libgcc.fixed
                0x00000000        0x0 c:/program files (x86)/atmel/studio/7.0/toolchain/avr8/avr8-gnu-toolchain/bin/../lib/gcc/avr/5.4.0/avr5\libgcc.a(_clear_bss.o)

Memory Configuration

Name             Origin             Length             Attributes
text             0x00000000         0x00020000         xr
data             0x00800060         0x0000ffa0         rw !x
eeprom           0x00810000         0x00010000         rw !x
fuse             0x00820000         0x00000003         rw !x
lock             0x00830000         0x00000400         rw !x
signature        0x00840000         0x00000400         rw !x
user_signatures  0x00850000         0x00000400         rw !x
*default*        0x00000000         0xffffffff

Linker script and memory map

Address of section .data set to 0x800100
LOAD C:/Program Files (x86)/Atmel/Studio/7.0/Packs/atmel/ATmega_DFP/1.2.150/gcc/dev/atmega328pb/avr5/crtatmega328pb.o
LOAD DS1307.o
LOAD I2C.o
LOAD LCD_Nokia_5110.o
LOAD main.o
LOAD SPI.o
START GROUP
LOAD c:/program files (x86)/atmel/studio/7.0/toolchain/avr8/avr8-gnu-toolchain/bin/../lib/gcc/avr/5.4.0/../../../../avr/lib/avr5\libm.a
END GROUP
START GROUP
LOAD c:/program files (x86)/atmel/studio/7.0/toolchain/avr8/avr8-gnu-toolchain/bin/../lib/gcc/avr/5.4.0/avr5\libgcc.a
LOAD c:/program files (x86)/atmel/studio/7.0/toolchain/avr8/avr8-gnu-toolchain/bin/../lib/gcc/avr/5.4.0/../../../../avr/lib/avr5\libm.a
LOAD c:/program files (x86)/atmel/studio/7.0/toolchain/avr8/avr8-gnu-toolchain/bin/../lib/gcc/avr/5.4.0/../../../../avr/lib/avr5\libc.a
LOAD C:/Program Files (x86)/Atmel/Studio/7.0/Packs/atmel/ATmega_DFP/1.2.150/gcc/dev/atmega328pb/avr5\libatmega328pb.a
END GROUP
                0x00020000                __TEXT_REGION_LENGTH__ = DEFINED (__TEXT_REGION_LENGTH__)?__TEXT_REGION_LENGTH__:0x20000
                0x0000ffa0                __DATA_REGION_LENGTH__ = DEFINED (__DATA_REGION_LENGTH__)?__DATA_REGION_LENGTH__:0xffa0
                0x00010000                __EEPROM_REGION_LENGTH__ = DEFINED (__EEPROM_REGION_LENGTH__)?__EEPROM_REGION_LENGTH__:0x10000
                [0x00000003]                __FUSE_REGION_LENGTH__ = DEFINED (__FUSE_REGION_LENGTH__)?__FUSE_REGION_LENGTH__:0x400
                0x00000400                __LOCK_REGION_LENGTH__ = DEFINED (__LOCK_REGION_LENGTH__)?__LOCK_REGION_LENGTH__:0x400
                0x00000400                __SIGNATURE_REGION_LENGTH__ = DEFINED (__SIGNATURE_REGION_LENGTH__)?__SIGNATURE_REGION_LENGTH__:0x400
                0x00000400                __USER_SIGNATURE_REGION_LENGTH__ = DEFINED (__USER_SIGNATURE_REGION_LENGTH__)?__USER_SIGNATURE_REGION_LENGTH__:0x400

.hash
 *(.hash)

.dynsym
 *(.dynsym)

.dynstr
 *(.dynstr)

.gnu.version
 *(.gnu.version)

.gnu.version_d
 *(.gnu.version_d)

.gnu.version_r
 *(.gnu.version_r)

.rel.init
 *(.rel.init)

.rela.init
 *(.rela.init)

.rel.text
 *(.rel.text)
 *(.rel.text.*)
 *(.rel.gnu.linkonce.t*)

.rela.text
 *(.rela.text)
 *(.rela.text.*)
 *(.rela.gnu.linkonce.t*)

.rel.fini
 *(.rel.fini)

.rela.fini
 *(.rela.fini)

.rel.rodata
 *(.rel.rodata)
 *(.rel.rodata.*)
 *(.rel.gnu.linkonce.r*)

.rela.rodata
 *(.rela.rodata)
 *(.rela.rodata.*)
 *(.rela.gnu.linkonce.r*)

.rel.data
 *(.rel.data)
 *(.rel.data.*)
 *(.rel.gnu.linkonce.d*)

.rela.data
 *(.rela.data)
 *(.rela.data.*)
 *(.rela.gnu.linkonce.d*)

.rel.ctors
 *(.rel.ctors)

.rela.ctors
 *(.rela.ctors)

.rel.dtors
 *(.rel.dtors)

.rela.dtors
 *(.rela.dtors)

.rel.got
 *(.rel.got)

.rela.got
 *(.rela.got)

.rel.bss
 *(.rel.bss)

.rela.bss
 *(.rela.bss)

.rel.plt
 *(.rel.plt)

.rela.plt
 *(.rela.plt)

.text           0x00000000      0xcf4
 *(.vectors)
 .vectors       0x00000000       0xb4 C:/Program Files (x86)/Atmel/Studio/7.0/Packs/atmel/ATmega_DFP/1.2.150/gcc/dev/atmega328pb/avr5/crtatmega328pb.o
                0x00000000                __vector_default
                0x00000000                __vectors
 *(.vectors)
 *(.progmem.gcc*)
                0x000000b4                . = ALIGN (0x2)
                0x000000b4                __trampolines_start = .
 *(.trampolines)
 .trampolines   0x000000b4        0x0 linker stubs
 *(.trampolines*)
                0x000000b4                __trampolines_end = .
 *libprintf_flt.a:*(.progmem.data)
 *libc.a:*(.progmem.data)
 *(.progmem*)
 .progmem.data.LCD_Nokia_Charset5
                0x000000b4      0x1e0 LCD_Nokia_5110.o
                0x00000294                . = ALIGN (0x2)
 *(.jumptables)
 *(.jumptables*)
 *(.lowtext)
 *(.lowtext*)
                0x00000294                __ctors_start = .
 *(.ctors)
                0x00000294                __ctors_end = .
                0x00000294                __dtors_start = .
 *(.dtors)
                0x00000294                __dtors_end = .
 SORT(*)(.ctors)
 SORT(*)(.dtors)
 *(.init0)
 .init0         0x00000294        0x0 C:/Program Files (x86)/Atmel/Studio/7.0/Packs/atmel/ATmega_DFP/1.2.150/gcc/dev/atmega328pb/avr5/crtatmega328pb.o
                0x00000294                __init
 *(.init0)
 *(.init1)
 *(.init1)
 *(.init2)
 .init2         0x00000294        0xc C:/Program Files (x86)/Atmel/Studio/7.0/Packs/atmel/ATmega_DFP/1.2.150/gcc/dev/atmega328pb/avr5/crtatmega328pb.o
 *(.init2)
 *(.init3)
 *(.init3)
 *(.init4)
 .init4         0x000002a0       0x16 c:/program files (x86)/atmel/studio/7.0/toolchain/avr8/avr8-gnu-toolchain/bin/../lib/gcc/avr/5.4.0/avr5\libgcc.a(_copy_data.o)
                0x000002a0                __do_copy_data
 .init4         0x000002b6       0x10 c:/program files (x86)/atmel/studio/7.0/toolchain/avr8/avr8-gnu-toolchain/bin/../lib/gcc/avr/5.4.0/avr5\libgcc.a(_clear_bss.o)
                0x000002b6                __do_clear_bss
 *(.init4)
 *(.init5)
 *(.init5)
 *(.init6)
 *(.init6)
 *(.init7)
 *(.init7)
 *(.init8)
 *(.init8)
 *(.init9)
 .init9         0x000002c6        0x8 C:/Program Files (x86)/Atmel/Studio/7.0/Packs/atmel/ATmega_DFP/1.2.150/gcc/dev/atmega328pb/avr5/crtatmega328pb.o
 *(.init9)
 *(.text)
 .text          0x000002ce        0x4 C:/Program Files (x86)/Atmel/Studio/7.0/Packs/atmel/ATmega_DFP/1.2.150/gcc/dev/atmega328pb/avr5/crtatmega328pb.o
                0x000002ce                __vector_38
                0x000002ce                __vector_22
                0x000002ce                __vector_28
                0x000002ce                __vector_1
                0x000002ce                __vector_32
                0x000002ce                __vector_34
                0x000002ce                __vector_12
                0x000002ce                __bad_interrupt
                0x000002ce                __vector_6
                0x000002ce                __vector_31
                0x000002ce                __vector_35
                0x000002ce                __vector_39
                0x000002ce                __vector_3
                0x000002ce                __vector_23
                0x000002ce                __vector_30
                0x000002ce                __vector_25
                0x000002ce                __vector_11
                0x000002ce                __vector_13
                0x000002ce                __vector_19
                0x000002ce                __vector_7
                0x000002ce                __vector_41
                0x000002ce                __vector_43
                0x000002ce                __vector_27
                0x000002ce                __vector_5
                0x000002ce                __vector_33
                0x000002ce                __vector_37
                0x000002ce                __vector_4
                0x000002ce                __vector_44
                0x000002ce                __vector_9
                0x000002ce                __vector_2
                0x000002ce                __vector_21
                0x000002ce                __vector_15
                0x000002ce                __vector_36
                0x000002ce                __vector_29
                0x000002ce                __vector_40
                0x000002ce                __vector_8
                0x000002ce                __vector_26
                0x000002ce                __vector_14
                0x000002ce                __vector_10
                0x000002ce                __vector_16
                0x000002ce                __vector_18
                0x000002ce                __vector_20
                0x000002ce                __vector_42
                0x000002d2                . = ALIGN (0x2)
 *(.text.*)
 .text.BCDToBin
                0x000002d2       0x16 DS1307.o
                0x000002d2                BCDToBin
 .text.DS1307_ReceiveData
                0x000002e8       0x44 DS1307.o
                0x000002e8                DS1307_ReceiveData
 .text.DS1307_ReceiveTimeData
                0x0000032c       0x6e DS1307.o
                0x0000032c                DS1307_ReceiveTimeData
 .text.DS1307_LCD_Nokia_OutTime
                0x0000039a       0xbc DS1307.o
                0x0000039a                DS1307_LCD_Nokia_OutTime
 .text.I2C_IO_Init
                0x00000456        0xe I2C.o
                0x00000456                I2C_IO_Init
 .text.I2C_Init
                0x00000464       0x60 I2C.o
                0x00000464                I2C_Init
 .text.I2C_MT_TransmitData
                0x000004c4       0x44 I2C.o
                0x000004c4                I2C_MT_TransmitData
 .text.I2C_MR_ReceiveData
                0x00000508       0x3e I2C.o
                0x00000508                I2C_MR_ReceiveData
 .text.__vector_24
                0x00000546      0x124 I2C.o
                0x00000546                __vector_24
 .text.LCD_Nokia_Reset
                0x0000066a       0x12 LCD_Nokia_5110.o
                0x0000066a                LCD_Nokia_Reset
 .text.LCD_Nokia_PutByte
                0x0000067c       0x14 LCD_Nokia_5110.o
                0x0000067c                LCD_Nokia_PutByte
 .text.LCD_Nokia_PutCommandByte
                0x00000690        0x8 LCD_Nokia_5110.o
                0x00000690                LCD_Nokia_PutCommandByte
 .text.LCD_Nokia_PutDataByte
                0x00000698        0x8 LCD_Nokia_5110.o
                0x00000698                LCD_Nokia_PutDataByte
 .text.LCD_Nokia_ClearDisplay
                0x000006a0       0x18 LCD_Nokia_5110.o
                0x000006a0                LCD_Nokia_ClearDisplay
 .text.LCD_Nokia_Init
                0x000006b8       0x38 LCD_Nokia_5110.o
                0x000006b8                LCD_Nokia_Init
 .text.LCD_Nokia_SetPosition
                0x000006f0       0x1a LCD_Nokia_5110.o
                0x000006f0                LCD_Nokia_SetPosition
 .text.LCD_Nokia_SetPixelPosition
                0x0000070a        0xa LCD_Nokia_5110.o
                0x0000070a                LCD_Nokia_SetPixelPosition
 .text.LCD_Nokia_PutPixel
                0x00000714       0x6a LCD_Nokia_5110.o
                0x00000714                LCD_Nokia_PutPixel
 .text.LCD_Nokia_SetPixel
                0x0000077e        0x8 LCD_Nokia_5110.o
                0x0000077e                LCD_Nokia_SetPixel
 .text.LCD_Nokia_Put5Char
                0x00000786       0xca LCD_Nokia_5110.o
                0x00000786                LCD_Nokia_Put5Char
 .text.LCD_Nokia_Send5CharString
                0x00000850       0x1e LCD_Nokia_5110.o
                0x00000850                LCD_Nokia_Send5CharString
 .text.LCD_Nokia_Send5Integer
                0x0000086e      0x21c LCD_Nokia_5110.o
                0x0000086e                LCD_Nokia_Send5Integer
 .text.LCD_Nokia_DrawRectangle
                0x00000a8a       0xa2 LCD_Nokia_5110.o
                0x00000a8a                LCD_Nokia_DrawRectangle
 .text.LCD_Nokia_DrawUnfilledRectangle
                0x00000b2c       0x46 LCD_Nokia_5110.o
                0x00000b2c                LCD_Nokia_DrawUnfilledRectangle
 .text.LCD_Nokia_UpdateFullScreen
                0x00000b72       0x2e LCD_Nokia_5110.o
                0x00000b72                LCD_Nokia_UpdateFullScreen
 .text.setup    0x00000ba0       0x1a main.o
                0x00000ba0                setup
 .text.main     0x00000bba       0x2a main.o
                0x00000bba                main
 .text.SPI_Master_Init
                0x00000be4       0x28 SPI.o
                0x00000be4                SPI_Master_Init
 .text.SPI_PutByte
                0x00000c0c        0xa SPI.o
                0x00000c0c                SPI_PutByte
 .text.__vector_17
                0x00000c16       0x58 SPI.o
                0x00000c16                __vector_17
 .text.libgcc.div
                0x00000c6e       0x44 c:/program files (x86)/atmel/studio/7.0/toolchain/avr8/avr8-gnu-toolchain/bin/../lib/gcc/avr/5.4.0/avr5\libgcc.a(_udivmodsi4.o)
                0x00000c6e                __udivmodsi4
 .text.libgcc.div
                0x00000cb2       0x2e c:/program files (x86)/atmel/studio/7.0/toolchain/avr8/avr8-gnu-toolchain/bin/../lib/gcc/avr/5.4.0/avr5\libgcc.a(_divmodsi4.o)
                0x00000cb2                __divmodsi4
 .text.libgcc.div
                0x00000ce0       0x10 c:/program files (x86)/atmel/studio/7.0/toolchain/avr8/avr8-gnu-toolchain/bin/../lib/gcc/avr/5.4.0/avr5\libgcc.a(_negsi2.o)
                0x00000ce0                __negsi2
                0x00000cf0                . = ALIGN (0x2)
 *(.fini9)
 .fini9         0x00000cf0        0x0 c:/program files (x86)/atmel/studio/7.0/toolchain/avr8/avr8-gnu-toolchain/bin/../lib/gcc/avr/5.4.0/avr5\libgcc.a(_exit.o)
                0x00000cf0                _exit
                0x00000cf0                exit
 *(.fini9)
 *(.fini8)
 *(.fini8)
 *(.fini7)
 *(.fini7)
 *(.fini6)
 *(.fini6)
 *(.fini5)
 *(.fini5)
 *(.fini4)
 *(.fini4)
 *(.fini3)
 *(.fini3)
 *(.fini2)
 *(.fini2)
 *(.fini1)
 *(.fini1)
 *(.fini0)
 .fini0         0x00000cf0        0x4 c:/program files (x86)/atmel/studio/7.0/toolchain/avr8/avr8-gnu-toolchain/bin/../lib/gcc/avr/5.4.0/avr5\libgcc.a(_exit.o)
 *(.fini0)
                0x00000cf4                _etext = .

.data           0x00800100       0x12 load address 0x00000cf4
                0x00800100                PROVIDE (__data_start, .)
 *(.data)
 *(.data*)
 .data.SPI_TransmitSuccess
                0x00800100        0x1 SPI.o
                0x00800100                SPI_TransmitSuccess
 *(.gnu.linkonce.d*)
 *(.rodata)
 *(.rodata*)
 .rodata.str1.1
                0x00800101        0xe DS1307.o
 .rodata.str1.1
                0x0080010f        0x3 LCD_Nokia_5110.o
 *(.gnu.linkonce.r*)
                0x00800112                . = ALIGN (0x2)
                0x00800112                _edata = .
                0x00800112                PROVIDE (__data_end, .)

.bss            0x00800112       0xa6
                0x00800112                PROVIDE (__bss_start, .)
 *(.bss)
 *(.bss*)
 .bss.TimeRegPointer
                0x00800112        0x2 DS1307.o
                0x00800112                TimeRegPointer
 .bss.TimeRegistersReceiveBuffer
                0x00800114        0x7 DS1307.o
                0x00800114                TimeRegistersReceiveBuffer
 .bss.bufferPointer.2557
                0x0080011b        0x1 I2C.o
 .bss.I2C_MessageSize
                0x0080011c        0x1 I2C.o
 .bss.I2C_ReceiveBuffer
                0x0080011d        0xb I2C.o
 .bss.I2C_TransmitBuffer
                0x00800128        0xb I2C.o
 .bss.I2C_StatusFlags
                0x00800133        0x1 I2C.o
                0x00800133                I2C_StatusFlags
 .bss.byte.2571
                0x00800134        0x1 LCD_Nokia_5110.o
 .bss.nokiaDisplayPixels
                0x00800135        0x2 LCD_Nokia_5110.o
                0x00800135                nokiaDisplayPixels
 .bss.SPI_CharacterCounter
                0x00800137        0x1 SPI.o
                0x00800137                SPI_CharacterCounter
 *(COMMON)
 COMMON         0x00800138       0x80 SPI.o
                0x00800138                SPI_ReceiveBuffer
                0x00800178                SPI_TransmitBuffer
                0x008001b8                PROVIDE (__bss_end, .)
                0x00000cf4                __data_load_start = LOADADDR (.data)
                0x00000d06                __data_load_end = (__data_load_start + SIZEOF (.data))

.noinit         0x008001b8        0x0
                [!provide]                PROVIDE (__noinit_start, .)
 *(.noinit*)
                [!provide]                PROVIDE (__noinit_end, .)
                0x008001b8                _end = .
                [!provide]                PROVIDE (__heap_start, .)

.eeprom         0x00810000        0x0
 *(.eeprom*)
                0x00810000                __eeprom_end = .

.fuse
 *(.fuse)
 *(.lfuse)
 *(.hfuse)
 *(.efuse)

.lock
 *(.lock*)

.signature
 *(.signature*)

.user_signatures
 *(.user_signatures*)

.stab
 *(.stab)

.stabstr
 *(.stabstr)

.stab.excl
 *(.stab.excl)

.stab.exclstr
 *(.stab.exclstr)

.stab.index
 *(.stab.index)

.stab.indexstr
 *(.stab.indexstr)

.comment        0x00000000       0x30
 *(.comment)
 .comment       0x00000000       0x30 DS1307.o
                                 0x31 (size before relaxing)
 .comment       0x00000030       0x31 I2C.o
 .comment       0x00000030       0x31 LCD_Nokia_5110.o
 .comment       0x00000030       0x31 main.o
 .comment       0x00000030       0x31 SPI.o

.note.gnu.avr.deviceinfo
                0x00000000       0x40
 .note.gnu.avr.deviceinfo
                0x00000000       0x40 C:/Program Files (x86)/Atmel/Studio/7.0/Packs/atmel/ATmega_DFP/1.2.150/gcc/dev/atmega328pb/avr5/crtatmega328pb.o

.note.gnu.build-id
 *(.note.gnu.build-id)

.debug
 *(.debug)

.line
 *(.line)

.debug_srcinfo
 *(.debug_srcinfo)

.debug_sfnames
 *(.debug_sfnames)

.debug_aranges  0x00000000      0x290
 *(.debug_aranges)
 .debug_aranges
                0x00000000       0xa8 DS1307.o
 .debug_aranges
                0x000000a8       0x60 I2C.o
 .debug_aranges
                0x00000108      0x118 LCD_Nokia_5110.o
 .debug_aranges
                0x00000220       0x30 main.o
 .debug_aranges
                0x00000250       0x40 SPI.o

.debug_pubnames
 *(.debug_pubnames)

.debug_info     0x00000000     0x4403
 *(.debug_info .gnu.linkonce.wi.*)
 .debug_info    0x00000000      0x8ea C:/Program Files (x86)/Atmel/Studio/7.0/Packs/atmel/ATmega_DFP/1.2.150/gcc/dev/atmega328pb/avr5/crtatmega328pb.o
 .debug_info    0x000008ea      0xe07 DS1307.o
 .debug_info    0x000016f1      0x9fb I2C.o
 .debug_info    0x000020ec     0x1151 LCD_Nokia_5110.o
 .debug_info    0x0000323d      0x90a main.o
 .debug_info    0x00003b47      0x8bc SPI.o

.debug_abbrev   0x00000000     0x135d
 *(.debug_abbrev)
 .debug_abbrev  0x00000000      0x86e C:/Program Files (x86)/Atmel/Studio/7.0/Packs/atmel/ATmega_DFP/1.2.150/gcc/dev/atmega328pb/avr5/crtatmega328pb.o
 .debug_abbrev  0x0000086e      0x1e2 DS1307.o
 .debug_abbrev  0x00000a50      0x20a I2C.o
 .debug_abbrev  0x00000c5a      0x35f LCD_Nokia_5110.o
 .debug_abbrev  0x00000fb9      0x1f5 main.o
 .debug_abbrev  0x000011ae      0x1af SPI.o

.debug_line     0x00000000     0x141a
 *(.debug_line .debug_line.* .debug_line_end)
 .debug_line    0x00000000      0x1a5 C:/Program Files (x86)/Atmel/Studio/7.0/Packs/atmel/ATmega_DFP/1.2.150/gcc/dev/atmega328pb/avr5/crtatmega328pb.o
 .debug_line    0x000001a5      0x39a DS1307.o
 .debug_line    0x0000053f      0x318 I2C.o
 .debug_line    0x00000857      0x83e LCD_Nokia_5110.o
 .debug_line    0x00001095      0x1aa main.o
 .debug_line    0x0000123f      0x1db SPI.o

.debug_frame    0x00000000      0x690
 *(.debug_frame)
 .debug_frame   0x00000000      0x170 DS1307.o
 .debug_frame   0x00000170       0xe0 I2C.o
 .debug_frame   0x00000250      0x35c LCD_Nokia_5110.o
 .debug_frame   0x000005ac       0x44 main.o
 .debug_frame   0x000005f0       0xa0 SPI.o

.debug_str      0x00000000      0xceb
 *(.debug_str)
 .debug_str     0x00000000      0x318 C:/Program Files (x86)/Atmel/Studio/7.0/Packs/atmel/ATmega_DFP/1.2.150/gcc/dev/atmega328pb/avr5/crtatmega328pb.o
 .debug_str     0x00000318      0x4be DS1307.o
                                0x4fe (size before relaxing)
 .debug_str     0x000007d6      0x106 I2C.o
                                0x3e4 (size before relaxing)
 .debug_str     0x000008dc      0x35f LCD_Nokia_5110.o
                                0x697 (size before relaxing)
 .debug_str     0x00000c3b       0x27 main.o
                                0x373 (size before relaxing)
 .debug_str     0x00000c62       0x89 SPI.o
                                0x357 (size before relaxing)

.debug_loc      0x00000000     0x16f4
 *(.debug_loc)
 .debug_loc     0x00000000      0x3f5 DS1307.o
 .debug_loc     0x000003f5      0x20d I2C.o
 .debug_loc     0x00000602      0xfc5 LCD_Nokia_5110.o
 .debug_loc     0x000015c7      0x12d SPI.o

.debug_macinfo
 *(.debug_macinfo)

.debug_weaknames
 *(.debug_weaknames)

.debug_funcnames
 *(.debug_funcnames)

.debug_typenames
 *(.debug_typenames)

.debug_varnames
 *(.debug_varnames)

.debug_pubtypes
 *(.debug_pubtypes)

.debug_ranges   0x00000000      0x2a0
 *(.debug_ranges)
 .debug_ranges  0x00000000       0x98 DS1307.o
 .debug_ranges  0x00000098       0x50 I2C.o
 .debug_ranges  0x000000e8      0x168 LCD_Nokia_5110.o
 .debug_ranges  0x00000250       0x20 main.o
 .debug_ranges  0x00000270       0x30 SPI.o

.debug_macro
 *(.debug_macro)
OUTPUT(Clock_RTC_DS1307.elf elf32-avr)
LOAD linker stubs
